<!DOCTYPE html>
<html lang="ru">
<head>
	<meta charset="UTF-8">
	<title>Golden</title>
	<link rel="stylesheet" href="css/main.css">
</head>
<body>
	<header>
		<div class="container">
			<div class="logo_nav clearfix"><img src="img/logo.png" alt="" class="logo">
				<nav>
					<ul class="menu">
						<li>
							<a href="#">Home</a>
						</li>
						<li>
							<a href="#">Services</a>
						</li>
						<li>
							<a href="#">Portfolio</a>
						</li>
						<li>
							<a href="#">About</a>
						</li>
						<li>
							<a href="#">Contact</a>
						</li>
					</ul>
				</nav>
			</div>
			<div class="title">
				<div class="title_first">
					Welcome To Our Studio!
				</div>
				<h1>
					It’s nice to Meet you
				</h1>
			</div>
			<a href="#" class="button">Tell Me More</a>
		</div>
	</header>
	<section id="services">
		<div class="container">
			<div class="sec_title">
				<h2>
					Services
				</h2>
				<p>
					Proin iaculis purus consequat sem cure. 
				</p>
			</div>
			<div class="services clearfix">
				<div class="services_item">
					<img src="img/icon1.png" alt="Услуга">
					<h3>
						E-Commerce
					</h3>
					<p>
						Proin iaculis purus consequat sem cure 
						digni ssim. Donec porttitora entum suscipit 
						aenean rhoncus posuere odio in tincidunt.
					</p>
				</div>
				<div class="services_item">
					<img src="img/icon2.png" alt="Услуга">
					<h3>
						Responsive Web
					</h3>
					<p>
						Proin iaculis purus consequat sem cure 
						digni ssim. Donec porttitora entum suscipit 
						aenean rhoncus posuere odio in tincidunt.
					</p>
				</div>
				<div class="services_item">
					<img src="img/icon3.png" alt="Услуга">
					<h3>
						Web Security
					</h3>
					<p>
						Proin iaculis purus consequat sem cure 
						digni ssim. Donec porttitora entum suscipit 
						aenean rhoncus posuere odio in tincidunt.
					</p>
				</div>
			</div>
		</div>
	</section>
	<section id="portfolio">
		<div class="container">
			<div class="sec_title">
				<h2>
					Our portfolio
				</h2>
				<p>
					Proin iaculis purus consequat sem cure. 
				</p>
			</div>
			<div class="works cleafix">
				<img src="img/img1.jpg" alt="Работа">
				<img src="img/img2.jpg" alt="Работа">
				<img src="img/img3.jpg" alt="Работа">
			</div>
		</div>
	</section>
	<section id="about">
		<div class="container">
			<div class="sec_title">
				<h2>
					About Us
				</h2>
				<p>
					Proin iaculis purus consequat sem cure. 
				</p>
			</div>
			<div class="about_left clearfix">
				<div class="about_item">
				<h4>
					July 2010
				</h4>
				<p class="bold">
					Our Humble Beginnings
				</p>
				<p class="text">
					Proin iaculis purus consequat sem cure 
					digni ssim. Donec porttitora entum suscipit 
					aenean rhoncus posuere odio in tincidunt. Proin 
					iaculis purus consequat sem cure digni 
					ssim. Donec porttitora entum suscipit.
				</p>
				</div>
				<img src="img/about1.jpg" alt="О нас">
			</div>
			<div class="about_right clearfix">
				<img src="img/about2.jpg" alt="О нас">
				<div class="about_item2">
				<h4>
					January 2011
				</h4>
				<p class="bold">
					Facing Startup Battles
				</p>
				<p class="text">
					Proin iaculis purus consequat sem cure 
					digni ssim. Donec porttitora entum suscipit 
					aenean rhoncus posuere odio in tincidunt. Proin 
					iaculis purus consequat sem cure digni 
					ssim. Donec porttitora entum suscipit.
				</p>
				</div>
			</div>
			<div class="third about_left clearfix">
				<div class="about_item">
				<h4>
					December 2012
				</h4>
				<p class="bold">
					Enter The Dark Days
				</p>
				<p class="text">
					Proin iaculis purus consequat sem cure 
					digni ssim. Donec porttitora entum suscipit 
					aenean rhoncus posuere odio in tincidunt. Proin 
					iaculis purus consequat sem cure digni 
					ssim. Donec porttitora entum suscipit.
				</p>
				</div>
				<img src="img/about3.jpg" alt="О нас">
			</div>
			<div class="about_right clearfix">
				<img src="img/about4.jpg" alt="О нас">
				<div class="about_item2">
				<h4>
					february 2014
				</h4>
				<p class="bold">
					Our Triumph
				</p>
				<p class="text">
					Proin iaculis purus consequat sem cure 
					digni ssim. Donec porttitora entum suscipit 
					aenean rhoncus posuere odio in tincidunt. Proin 
					iaculis purus consequat sem cure digni 
					ssim. Donec porttitora entum suscipit.
				</p>
				</div>
			</div>
		</div>
	</section>
	<footer>
		<div class="container">
			<p>© Copyright 2014 FreebiesXpress.com</p>
		</div>
	</footer>










<script>document.write('<script src="http://' + (location.host || 'localhost').split(':')[0] + ':35729/livereload.js?snipver=1"></' + 'script>')</script>
</body>
</html>